Warning: You are sending unauthenticated requests to the HF Hub. Please set a HF_TOKEN to enable higher rate limits and faster downloads.
The fast path is not available because one of the required library is not installed. Falling back to torch implementation. To install follow https://github.com/fla-org/flash-linear-attention#installation and https://github.com/Dao-AILab/causal-conv1d
Loading weights:   0%|          | 0/320 [00:00<?, ?it/s]Loading weights: 100%|██████████| 320/320 [00:00<00:00, 19475.27it/s]
{
  "attention_layers": 6,
  "batch_size": 8,
  "clone_decode_routes": false,
  "configs": [
    {
      "block_n": 16,
      "fused_attention_ms_per_step": 0.0,
      "logit_finite": true,
      "mean_decode_step_ms": 33.34193801879883,
      "num_warps": 2,
      "profile_phases": false,
      "route_ms_per_step": 0.0,
      "split_kv": 8,
      "two_level_ms_per_step": 0.0,
      "use_dot": true
    },
    {
      "block_n": 16,
      "fused_attention_ms_per_step": 0.0,
      "logit_finite": true,
      "mean_decode_step_ms": 29.964712142944336,
      "num_warps": 4,
      "profile_phases": false,
      "route_ms_per_step": 0.0,
      "split_kv": 8,
      "two_level_ms_per_step": 0.0,
      "use_dot": true
    },
    {
      "block_n": 32,
      "fused_attention_ms_per_step": 0.0,
      "logit_finite": true,
      "mean_decode_step_ms": 42.17100524902344,
      "num_warps": 2,
      "profile_phases": false,
      "route_ms_per_step": 0.0,
      "split_kv": 8,
      "two_level_ms_per_step": 0.0,
      "use_dot": true
    },
    {
      "block_n": 32,
      "fused_attention_ms_per_step": 0.0,
      "logit_finite": true,
      "mean_decode_step_ms": 33.03645706176758,
      "num_warps": 4,
      "profile_phases": false,
      "route_ms_per_step": 0.0,
      "split_kv": 8,
      "two_level_ms_per_step": 0.0,
      "use_dot": true
    },
    {
      "block_n": 64,
      "fused_attention_ms_per_step": 0.0,
      "logit_finite": true,
      "mean_decode_step_ms": 112.53227233886719,
      "num_warps": 2,
      "profile_phases": false,
      "route_ms_per_step": 0.0,
      "split_kv": 8,
      "two_level_ms_per_step": 0.0,
      "use_dot": true
    },
    {
      "block_n": 64,
      "fused_attention_ms_per_step": 0.0,
      "logit_finite": true,
      "mean_decode_step_ms": 42.653350830078125,
      "num_warps": 4,
      "profile_phases": false,
      "route_ms_per_step": 0.0,
      "split_kv": 8,
      "two_level_ms_per_step": 0.0,
      "use_dot": true
    },
    {
      "block_n": 16,
      "fused_attention_ms_per_step": 0.0,
      "logit_finite": true,
      "mean_decode_step_ms": 34.916770935058594,
      "num_warps": 2,
      "profile_phases": false,
      "route_ms_per_step": 0.0,
      "split_kv": 16,
      "two_level_ms_per_step": 0.0,
      "use_dot": true
    },
    {
      "block_n": 16,
      "fused_attention_ms_per_step": 0.0,
      "logit_finite": true,
      "mean_decode_step_ms": 31.16231918334961,
      "num_warps": 4,
      "profile_phases": false,
      "route_ms_per_step": 0.0,
      "split_kv": 16,
      "two_level_ms_per_step": 0.0,
      "use_dot": true
    },
    {
      "block_n": 32,
      "fused_attention_ms_per_step": 0.0,
      "logit_finite": false,
      "mean_decode_step_ms": 43.79860305786133,
      "num_warps": 2,
      "profile_phases": false,
      "route_ms_per_step": 0.0,
      "split_kv": 16,
      "two_level_ms_per_step": 0.0,
      "use_dot": true
    },
    {
      "block_n": 32,
      "fused_attention_ms_per_step": 0.0,
      "logit_finite": false,
      "mean_decode_step_ms": 35.574256896972656,
      "num_warps": 4,
      "profile_phases": false,
      "route_ms_per_step": 0.0,
      "split_kv": 16,
      "two_level_ms_per_step": 0.0,
      "use_dot": true
    },
    {
      "block_n": 64,
      "fused_attention_ms_per_step": 0.0,
      "logit_finite": false,
      "mean_decode_step_ms": 112.13227081298828,
      "num_warps": 2,
      "profile_phases": false,
      "route_ms_per_step": 0.0,
      "split_kv": 16,
      "two_level_ms_per_step": 0.0,
      "use_dot": true
    },
    {
      "block_n": 64,
      "fused_attention_ms_per_step": 0.0,
      "logit_finite": false,
      "mean_decode_step_ms": 105.79420471191406,
      "num_warps": 4,
      "profile_phases": false,
      "route_ms_per_step": 0.0,
      "split_kv": 16,
      "two_level_ms_per_step": 0.0,
      "use_dot": true
    }
  ],
  "decode_route_gqa_grouped": true,
  "decode_route_group_size": 16,
  "decode_route_num_warps": 4,
  "decode_route_use_dot": false,
  "fused_decode_state_route": true,
  "sequence_length": 8192,
  "state_growth_factor": 16.0,
  "steps": 64
}
