Warning: You are sending unauthenticated requests to the HF Hub. Please set a HF_TOKEN to enable higher rate limits and faster downloads.
The fast path is not available because one of the required library is not installed. Falling back to torch implementation. To install follow https://github.com/fla-org/flash-linear-attention#installation and https://github.com/Dao-AILab/causal-conv1d
Loading weights:   0%|          | 0/320 [00:00<?, ?it/s]Loading weights: 100%|██████████| 320/320 [00:00<00:00, 18805.11it/s]
Traceback (most recent call last):
  File "/home/dan/subusers/agent/kvm-paper-dg/branches/benchmarks/code/scripts/profile_qwen35_lod_phases.py", line 195, in <module>
    main()
  File "/home/dan/subusers/agent/kvm-paper-dg/branches/benchmarks/code/scripts/profile_qwen35_lod_phases.py", line 132, in main
    warm = model(input_ids=sequence, use_cache=False, logits_to_keep=1)
           ^^^^^^^^^^^^^^^^^^^^^^^^^^^^^^^^^^^^^^^^^^^^^^^^^^^^^^^^^^^^
  File "/home/dan/subusers/agent/kvm-paper-dg/branches/benchmarks/code/.venv/lib/python3.12/site-packages/torch/nn/modules/module.py", line 1775, in _wrapped_call_impl
    return self._call_impl(*args, **kwargs)
           ^^^^^^^^^^^^^^^^^^^^^^^^^^^^^^^^
  File "/home/dan/subusers/agent/kvm-paper-dg/branches/benchmarks/code/.venv/lib/python3.12/site-packages/torch/nn/modules/module.py", line 1786, in _call_impl
    return forward_call(*args, **kwargs)
           ^^^^^^^^^^^^^^^^^^^^^^^^^^^^^
  File "/home/dan/subusers/agent/kvm-paper-dg/branches/benchmarks/code/.venv/lib/python3.12/site-packages/transformers/utils/generic.py", line 843, in wrapper
    output = func(self, *args, **kwargs)
             ^^^^^^^^^^^^^^^^^^^^^^^^^^^
  File "/home/dan/subusers/agent/kvm-paper-dg/branches/benchmarks/code/.venv/lib/python3.12/site-packages/transformers/models/qwen3_5/modeling_qwen3_5.py", line 1845, in forward
    outputs: BaseModelOutputWithPast = self.model(
                                       ^^^^^^^^^^^
  File "/home/dan/subusers/agent/kvm-paper-dg/branches/benchmarks/code/.venv/lib/python3.12/site-packages/torch/nn/modules/module.py", line 1775, in _wrapped_call_impl
    return self._call_impl(*args, **kwargs)
           ^^^^^^^^^^^^^^^^^^^^^^^^^^^^^^^^
  File "/home/dan/subusers/agent/kvm-paper-dg/branches/benchmarks/code/.venv/lib/python3.12/site-packages/torch/nn/modules/module.py", line 1786, in _call_impl
    return forward_call(*args, **kwargs)
           ^^^^^^^^^^^^^^^^^^^^^^^^^^^^^
  File "/home/dan/subusers/agent/kvm-paper-dg/branches/benchmarks/code/.venv/lib/python3.12/site-packages/transformers/utils/generic.py", line 917, in wrapper
    output = func(self, *args, **kwargs)
             ^^^^^^^^^^^^^^^^^^^^^^^^^^^
  File "/home/dan/subusers/agent/kvm-paper-dg/branches/benchmarks/code/.venv/lib/python3.12/site-packages/transformers/utils/output_capturing.py", line 253, in wrapper
    outputs = func(self, *args, **kwargs)
              ^^^^^^^^^^^^^^^^^^^^^^^^^^^
  File "/home/dan/subusers/agent/kvm-paper-dg/branches/benchmarks/code/.venv/lib/python3.12/site-packages/transformers/models/qwen3_5/modeling_qwen3_5.py", line 1372, in forward
    hidden_states = decoder_layer(
                    ^^^^^^^^^^^^^^
  File "/home/dan/subusers/agent/kvm-paper-dg/branches/benchmarks/code/.venv/lib/python3.12/site-packages/transformers/modeling_layers.py", line 93, in __call__
    return super().__call__(*args, **kwargs)
           ^^^^^^^^^^^^^^^^^^^^^^^^^^^^^^^^^
  File "/home/dan/subusers/agent/kvm-paper-dg/branches/benchmarks/code/.venv/lib/python3.12/site-packages/torch/nn/modules/module.py", line 1775, in _wrapped_call_impl
    return self._call_impl(*args, **kwargs)
           ^^^^^^^^^^^^^^^^^^^^^^^^^^^^^^^^
  File "/home/dan/subusers/agent/kvm-paper-dg/branches/benchmarks/code/.venv/lib/python3.12/site-packages/torch/nn/modules/module.py", line 1786, in _call_impl
    return forward_call(*args, **kwargs)
           ^^^^^^^^^^^^^^^^^^^^^^^^^^^^^
  File "/home/dan/subusers/agent/kvm-paper-dg/branches/benchmarks/code/.venv/lib/python3.12/site-packages/transformers/models/qwen3_5/modeling_qwen3_5.py", line 865, in forward
    hidden_states, _ = self.self_attn(
                       ^^^^^^^^^^^^^^^
  File "/home/dan/subusers/agent/kvm-paper-dg/branches/benchmarks/code/.venv/lib/python3.12/site-packages/torch/nn/modules/module.py", line 1775, in _wrapped_call_impl
    return self._call_impl(*args, **kwargs)
           ^^^^^^^^^^^^^^^^^^^^^^^^^^^^^^^^
  File "/home/dan/subusers/agent/kvm-paper-dg/branches/benchmarks/code/.venv/lib/python3.12/site-packages/torch/nn/modules/module.py", line 1786, in _call_impl
    return forward_call(*args, **kwargs)
           ^^^^^^^^^^^^^^^^^^^^^^^^^^^^^
  File "/home/dan/subusers/agent/kvm-paper-dg/branches/benchmarks/code/model/qwen35_two_level_attention.py", line 1512, in forward
    attn_output = self._prefill_attention(
                  ^^^^^^^^^^^^^^^^^^^^^^^^
  File "/home/dan/subusers/agent/kvm-paper-dg/branches/benchmarks/code/.venv/lib/python3.12/site-packages/torch/_dynamo/eval_frame.py", line 1044, in _fn
    return fn(*args, **kwargs)
           ^^^^^^^^^^^^^^^^^^^
  File "/home/dan/subusers/agent/kvm-paper-dg/branches/benchmarks/code/model/qwen35_two_level_attention.py", line 1147, in _prefill_attention
    self._two_level_attention(
  File "/home/dan/subusers/agent/kvm-paper-dg/branches/benchmarks/code/model/qwen35_two_level_attention.py", line 1068, in _two_level_attention
    coarse_output, coarse_lse = self._coarse_attention(
    ^^^^^^^^^^^^^^^^^^^^^^^^^
ValueError: too many values to unpack (expected 2)
