Warning: You are sending unauthenticated requests to the HF Hub. Please set a HF_TOKEN to enable higher rate limits and faster downloads.
The fast path is not available because one of the required library is not installed. Falling back to torch implementation. To install follow https://github.com/fla-org/flash-linear-attention#installation and https://github.com/Dao-AILab/causal-conv1d
Loading weights:   0%|          | 0/320 [00:00<?, ?it/s]Loading weights: 100%|██████████| 320/320 [00:00<00:00, 14470.76it/s]
Autotune Choices Stats:
{"num_choices": 25, "num_triton_choices": 25, "best_kernel": "triton_flex_attention_12", "best_kernel_desc": "BLOCKS_ARE_CONTIGUOUS=False, BLOCK_M=64, BLOCK_N=64, FLOAT32_PRECISION=\"'ieee'\", GQA_SHARED_HEADS=4, HAS_FULL_BLOCKS=False, IS_DIVISIBLE=True, OUTPUT_LOGSUMEXP=True, OUTPUT_MAX=False, PRESCALE_QK=False, QK_HEAD_DIM=256, QK_HEAD_DIM_ROUNDED=256, ROWS_GUARANTEED_SAFE=False, SAFE_HEAD_DIM=True, SM_SCALE=0.0625, SPARSE_KV_BLOCK_SIZE=1073741824, SPARSE_Q_BLOCK_SIZE=1073741824, USE_TMA=False, V_HEAD_DIM=256, V_HEAD_DIM_ROUNDED=256, WRITE_DQ=True, kpack=2, matrix_instr_nonkdim=0, waves_per_eu=0, num_stages=1, num_warps=4", "best_time": 0.4179140031337738, "best_triton_pos": 0}
AUTOTUNE flex_attention(8x8x256x256, 8x2x3584x256, 8x2x3584x256, 8x8x256, 8x8x256, 1x1x1, 1x1x1x1, 0, 0, 8x8x256x3584)
strides: [524288, 65536, 256, 1], [1835008, 917504, 256, 1], [1835008, 917504, 256, 1], [2048, 256, 1], [2048, 256, 1], [1, 1, 1], [1, 1, 1, 1], [1], [1], [7340032, 917504, 3584, 1]
dtypes: torch.bfloat16, torch.bfloat16, torch.bfloat16, torch.float32, torch.float32, torch.int32, torch.int32, torch.float32, torch.float32, torch.float32
  triton_flex_attention_12 0.4179 ms 100.0% BLOCKS_ARE_CONTIGUOUS=False, BLOCK_M=64, BLOCK_N=64, FLOAT32_PRECISION="'ieee'", GQA_SHARED_HEADS=4, HAS_FULL_BLOCKS=False, IS_DIVISIBLE=True, OUTPUT_LOGSUMEXP=True, OUTPUT_MAX=False, PRESCALE_QK=False, QK_HEAD_DIM=256, QK_HEAD_DIM_ROUNDED=256, ROWS_GUARANTEED_SAFE=False, SAFE_HEAD_DIM=True, SM_SCALE=0.0625, SPARSE_KV_BLOCK_SIZE=1073741824, SPARSE_Q_BLOCK_SIZE=1073741824, USE_TMA=False, V_HEAD_DIM=256, V_HEAD_DIM_ROUNDED=256, WRITE_DQ=True, kpack=2, matrix_instr_nonkdim=0, waves_per_eu=0, num_stages=1, num_warps=4
  triton_flex_attention_14 0.4386 ms 95.3% BLOCKS_ARE_CONTIGUOUS=False, BLOCK_M=64, BLOCK_N=128, FLOAT32_PRECISION="'ieee'", GQA_SHARED_HEADS=4, HAS_FULL_BLOCKS=False, IS_DIVISIBLE=True, OUTPUT_LOGSUMEXP=True, OUTPUT_MAX=False, PRESCALE_QK=False, QK_HEAD_DIM=256, QK_HEAD_DIM_ROUNDED=256, ROWS_GUARANTEED_SAFE=False, SAFE_HEAD_DIM=True, SM_SCALE=0.0625, SPARSE_KV_BLOCK_SIZE=1073741824, SPARSE_Q_BLOCK_SIZE=1073741824, USE_TMA=False, V_HEAD_DIM=256, V_HEAD_DIM_ROUNDED=256, WRITE_DQ=True, kpack=2, matrix_instr_nonkdim=0, waves_per_eu=0, num_stages=1, num_warps=4
  triton_flex_attention_10 0.4455 ms 93.8% BLOCKS_ARE_CONTIGUOUS=False, BLOCK_M=64, BLOCK_N=32, FLOAT32_PRECISION="'ieee'", GQA_SHARED_HEADS=4, HAS_FULL_BLOCKS=False, IS_DIVISIBLE=True, OUTPUT_LOGSUMEXP=True, OUTPUT_MAX=False, PRESCALE_QK=False, QK_HEAD_DIM=256, QK_HEAD_DIM_ROUNDED=256, ROWS_GUARANTEED_SAFE=False, SAFE_HEAD_DIM=True, SM_SCALE=0.0625, SPARSE_KV_BLOCK_SIZE=1073741824, SPARSE_Q_BLOCK_SIZE=1073741824, USE_TMA=False, V_HEAD_DIM=256, V_HEAD_DIM_ROUNDED=256, WRITE_DQ=True, kpack=2, matrix_instr_nonkdim=0, waves_per_eu=0, num_stages=1, num_warps=4
  triton_flex_attention_20 0.4960 ms 84.3% BLOCKS_ARE_CONTIGUOUS=False, BLOCK_M=128, BLOCK_N=64, FLOAT32_PRECISION="'ieee'", GQA_SHARED_HEADS=4, HAS_FULL_BLOCKS=False, IS_DIVISIBLE=True, OUTPUT_LOGSUMEXP=True, OUTPUT_MAX=False, PRESCALE_QK=False, QK_HEAD_DIM=256, QK_HEAD_DIM_ROUNDED=256, ROWS_GUARANTEED_SAFE=False, SAFE_HEAD_DIM=True, SM_SCALE=0.0625, SPARSE_KV_BLOCK_SIZE=1073741824, SPARSE_Q_BLOCK_SIZE=1073741824, USE_TMA=False, V_HEAD_DIM=256, V_HEAD_DIM_ROUNDED=256, WRITE_DQ=True, kpack=2, matrix_instr_nonkdim=0, waves_per_eu=0, num_stages=1, num_warps=4
  triton_flex_attention_13 0.5008 ms 83.5% BLOCKS_ARE_CONTIGUOUS=False, BLOCK_M=64, BLOCK_N=64, FLOAT32_PRECISION="'ieee'", GQA_SHARED_HEADS=4, HAS_FULL_BLOCKS=False, IS_DIVISIBLE=True, OUTPUT_LOGSUMEXP=True, OUTPUT_MAX=False, PRESCALE_QK=False, QK_HEAD_DIM=256, QK_HEAD_DIM_ROUNDED=256, ROWS_GUARANTEED_SAFE=False, SAFE_HEAD_DIM=True, SM_SCALE=0.0625, SPARSE_KV_BLOCK_SIZE=1073741824, SPARSE_Q_BLOCK_SIZE=1073741824, USE_TMA=False, V_HEAD_DIM=256, V_HEAD_DIM_ROUNDED=256, WRITE_DQ=True, kpack=2, matrix_instr_nonkdim=0, waves_per_eu=0, num_stages=1, num_warps=8
  triton_flex_attention_8 0.5383 ms 77.6% BLOCKS_ARE_CONTIGUOUS=False, BLOCK_M=64, BLOCK_N=16, FLOAT32_PRECISION="'ieee'", GQA_SHARED_HEADS=4, HAS_FULL_BLOCKS=False, IS_DIVISIBLE=True, OUTPUT_LOGSUMEXP=True, OUTPUT_MAX=False, PRESCALE_QK=False, QK_HEAD_DIM=256, QK_HEAD_DIM_ROUNDED=256, ROWS_GUARANTEED_SAFE=False, SAFE_HEAD_DIM=True, SM_SCALE=0.0625, SPARSE_KV_BLOCK_SIZE=1073741824, SPARSE_Q_BLOCK_SIZE=1073741824, USE_TMA=False, V_HEAD_DIM=256, V_HEAD_DIM_ROUNDED=256, WRITE_DQ=True, kpack=2, matrix_instr_nonkdim=0, waves_per_eu=0, num_stages=1, num_warps=4
  triton_flex_attention_9 0.5761 ms 72.5% BLOCKS_ARE_CONTIGUOUS=False, BLOCK_M=64, BLOCK_N=16, FLOAT32_PRECISION="'ieee'", GQA_SHARED_HEADS=4, HAS_FULL_BLOCKS=False, IS_DIVISIBLE=True, OUTPUT_LOGSUMEXP=True, OUTPUT_MAX=False, PRESCALE_QK=False, QK_HEAD_DIM=256, QK_HEAD_DIM_ROUNDED=256, ROWS_GUARANTEED_SAFE=False, SAFE_HEAD_DIM=True, SM_SCALE=0.0625, SPARSE_KV_BLOCK_SIZE=1073741824, SPARSE_Q_BLOCK_SIZE=1073741824, USE_TMA=False, V_HEAD_DIM=256, V_HEAD_DIM_ROUNDED=256, WRITE_DQ=True, kpack=2, matrix_instr_nonkdim=0, waves_per_eu=0, num_stages=1, num_warps=8
  triton_flex_attention_17 0.5874 ms 71.1% BLOCKS_ARE_CONTIGUOUS=False, BLOCK_M=128, BLOCK_N=16, FLOAT32_PRECISION="'ieee'", GQA_SHARED_HEADS=4, HAS_FULL_BLOCKS=False, IS_DIVISIBLE=True, OUTPUT_LOGSUMEXP=True, OUTPUT_MAX=False, PRESCALE_QK=False, QK_HEAD_DIM=256, QK_HEAD_DIM_ROUNDED=256, ROWS_GUARANTEED_SAFE=False, SAFE_HEAD_DIM=True, SM_SCALE=0.0625, SPARSE_KV_BLOCK_SIZE=1073741824, SPARSE_Q_BLOCK_SIZE=1073741824, USE_TMA=False, V_HEAD_DIM=256, V_HEAD_DIM_ROUNDED=256, WRITE_DQ=True, kpack=2, matrix_instr_nonkdim=0, waves_per_eu=0, num_stages=1, num_warps=8
  triton_flex_attention_18 0.5875 ms 71.1% BLOCKS_ARE_CONTIGUOUS=False, BLOCK_M=128, BLOCK_N=32, FLOAT32_PRECISION="'ieee'", GQA_SHARED_HEADS=4, HAS_FULL_BLOCKS=False, IS_DIVISIBLE=True, OUTPUT_LOGSUMEXP=True, OUTPUT_MAX=False, PRESCALE_QK=False, QK_HEAD_DIM=256, QK_HEAD_DIM_ROUNDED=256, ROWS_GUARANTEED_SAFE=False, SAFE_HEAD_DIM=True, SM_SCALE=0.0625, SPARSE_KV_BLOCK_SIZE=1073741824, SPARSE_Q_BLOCK_SIZE=1073741824, USE_TMA=False, V_HEAD_DIM=256, V_HEAD_DIM_ROUNDED=256, WRITE_DQ=True, kpack=2, matrix_instr_nonkdim=0, waves_per_eu=0, num_stages=1, num_warps=4
  triton_flex_attention_11 0.6074 ms 68.8% BLOCKS_ARE_CONTIGUOUS=False, BLOCK_M=64, BLOCK_N=32, FLOAT32_PRECISION="'ieee'", GQA_SHARED_HEADS=4, HAS_FULL_BLOCKS=False, IS_DIVISIBLE=True, OUTPUT_LOGSUMEXP=True, OUTPUT_MAX=False, PRESCALE_QK=False, QK_HEAD_DIM=256, QK_HEAD_DIM_ROUNDED=256, ROWS_GUARANTEED_SAFE=False, SAFE_HEAD_DIM=True, SM_SCALE=0.0625, SPARSE_KV_BLOCK_SIZE=1073741824, SPARSE_Q_BLOCK_SIZE=1073741824, USE_TMA=False, V_HEAD_DIM=256, V_HEAD_DIM_ROUNDED=256, WRITE_DQ=True, kpack=2, matrix_instr_nonkdim=0, waves_per_eu=0, num_stages=1, num_warps=8
SingleProcess AUTOTUNE benchmarking takes 0.7955 seconds and 0.9488 seconds precompiling for 25 choices
{
  "attention_layers": 6,
  "batch_size": 8,
  "coarse_enable_gqa": true,
  "direct_fused_state_routing": true,
  "fused_state_routing": true,
  "fused_state_update": false,
  "logit_finite": true,
  "other_fraction": 0.4405863794975271,
  "other_ms": 1627.7776804785244,
  "phase_fraction": {
    "coarse": 0.1693649467575068,
    "exact_leaf": 0.16529086686525074,
    "page_append": 0.0033403936028468125,
    "route": 0.13338020849997145,
    "state_update": 0.0880372047768971
  },
  "phase_ms": {
    "coarse": 625.7308283150196,
    "exact_leaf": 610.678850710392,
    "page_append": 12.341321483720094,
    "route": 492.7826562896371,
    "state_update": 325.2597076445818
  },
  "repeats": 2,
  "reuse_state_update_similarity": true,
  "sequence_length": 32768,
  "state_growth_factor": 16.0,
  "total_ms": 3694.571044921875
}
