Warning: You are sending unauthenticated requests to the HF Hub. Please set a HF_TOKEN to enable higher rate limits and faster downloads.
The fast path is not available because one of the required library is not installed. Falling back to torch implementation. To install follow https://github.com/fla-org/flash-linear-attention#installation and https://github.com/Dao-AILab/causal-conv1d
Loading weights:   0%|          | 0/320 [00:00<?, ?it/s]Loading weights: 100%|██████████| 320/320 [00:00<00:00, 16268.62it/s]
Autotune Choices Stats:
{"num_choices": 25, "num_triton_choices": 25, "best_kernel": "triton_flex_attention_12", "best_kernel_desc": "BLOCKS_ARE_CONTIGUOUS=False, BLOCK_M=64, BLOCK_N=64, FLOAT32_PRECISION=\"'ieee'\", GQA_SHARED_HEADS=4, HAS_FULL_BLOCKS=False, IS_DIVISIBLE=True, OUTPUT_LOGSUMEXP=True, OUTPUT_MAX=False, PRESCALE_QK=False, QK_HEAD_DIM=256, QK_HEAD_DIM_ROUNDED=256, ROWS_GUARANTEED_SAFE=False, SAFE_HEAD_DIM=True, SM_SCALE=0.0625, SPARSE_KV_BLOCK_SIZE=1073741824, SPARSE_Q_BLOCK_SIZE=1073741824, USE_TMA=False, V_HEAD_DIM=256, V_HEAD_DIM_ROUNDED=256, WRITE_DQ=True, kpack=2, matrix_instr_nonkdim=0, waves_per_eu=0, num_stages=1, num_warps=4", "best_time": 0.237636998295784, "best_triton_pos": 0}
AUTOTUNE flex_attention(8x8x256x256, 8x2x2048x256, 8x2x2048x256, 8x8x256, 8x8x256, 1x1x1, 1x1x1x1, 0, 0, 8x8x256x2048)
strides: [524288, 65536, 256, 1], [1048576, 524288, 256, 1], [1048576, 524288, 256, 1], [2048, 256, 1], [2048, 256, 1], [1, 1, 1], [1, 1, 1, 1], [1], [1], [4194304, 524288, 2048, 1]
dtypes: torch.bfloat16, torch.bfloat16, torch.bfloat16, torch.float32, torch.float32, torch.int32, torch.int32, torch.float32, torch.float32, torch.float32
  triton_flex_attention_12 0.2376 ms 100.0% BLOCKS_ARE_CONTIGUOUS=False, BLOCK_M=64, BLOCK_N=64, FLOAT32_PRECISION="'ieee'", GQA_SHARED_HEADS=4, HAS_FULL_BLOCKS=False, IS_DIVISIBLE=True, OUTPUT_LOGSUMEXP=True, OUTPUT_MAX=False, PRESCALE_QK=False, QK_HEAD_DIM=256, QK_HEAD_DIM_ROUNDED=256, ROWS_GUARANTEED_SAFE=False, SAFE_HEAD_DIM=True, SM_SCALE=0.0625, SPARSE_KV_BLOCK_SIZE=1073741824, SPARSE_Q_BLOCK_SIZE=1073741824, USE_TMA=False, V_HEAD_DIM=256, V_HEAD_DIM_ROUNDED=256, WRITE_DQ=True, kpack=2, matrix_instr_nonkdim=0, waves_per_eu=0, num_stages=1, num_warps=4
  triton_flex_attention_14 0.2556 ms 93.0% BLOCKS_ARE_CONTIGUOUS=False, BLOCK_M=64, BLOCK_N=128, FLOAT32_PRECISION="'ieee'", GQA_SHARED_HEADS=4, HAS_FULL_BLOCKS=False, IS_DIVISIBLE=True, OUTPUT_LOGSUMEXP=True, OUTPUT_MAX=False, PRESCALE_QK=False, QK_HEAD_DIM=256, QK_HEAD_DIM_ROUNDED=256, ROWS_GUARANTEED_SAFE=False, SAFE_HEAD_DIM=True, SM_SCALE=0.0625, SPARSE_KV_BLOCK_SIZE=1073741824, SPARSE_Q_BLOCK_SIZE=1073741824, USE_TMA=False, V_HEAD_DIM=256, V_HEAD_DIM_ROUNDED=256, WRITE_DQ=True, kpack=2, matrix_instr_nonkdim=0, waves_per_eu=0, num_stages=1, num_warps=4
  triton_flex_attention_10 0.2748 ms 86.5% BLOCKS_ARE_CONTIGUOUS=False, BLOCK_M=64, BLOCK_N=32, FLOAT32_PRECISION="'ieee'", GQA_SHARED_HEADS=4, HAS_FULL_BLOCKS=False, IS_DIVISIBLE=True, OUTPUT_LOGSUMEXP=True, OUTPUT_MAX=False, PRESCALE_QK=False, QK_HEAD_DIM=256, QK_HEAD_DIM_ROUNDED=256, ROWS_GUARANTEED_SAFE=False, SAFE_HEAD_DIM=True, SM_SCALE=0.0625, SPARSE_KV_BLOCK_SIZE=1073741824, SPARSE_Q_BLOCK_SIZE=1073741824, USE_TMA=False, V_HEAD_DIM=256, V_HEAD_DIM_ROUNDED=256, WRITE_DQ=True, kpack=2, matrix_instr_nonkdim=0, waves_per_eu=0, num_stages=1, num_warps=4
  triton_flex_attention_20 0.2752 ms 86.4% BLOCKS_ARE_CONTIGUOUS=False, BLOCK_M=128, BLOCK_N=64, FLOAT32_PRECISION="'ieee'", GQA_SHARED_HEADS=4, HAS_FULL_BLOCKS=False, IS_DIVISIBLE=True, OUTPUT_LOGSUMEXP=True, OUTPUT_MAX=False, PRESCALE_QK=False, QK_HEAD_DIM=256, QK_HEAD_DIM_ROUNDED=256, ROWS_GUARANTEED_SAFE=False, SAFE_HEAD_DIM=True, SM_SCALE=0.0625, SPARSE_KV_BLOCK_SIZE=1073741824, SPARSE_Q_BLOCK_SIZE=1073741824, USE_TMA=False, V_HEAD_DIM=256, V_HEAD_DIM_ROUNDED=256, WRITE_DQ=True, kpack=2, matrix_instr_nonkdim=0, waves_per_eu=0, num_stages=1, num_warps=4
  triton_flex_attention_13 0.2872 ms 82.8% BLOCKS_ARE_CONTIGUOUS=False, BLOCK_M=64, BLOCK_N=64, FLOAT32_PRECISION="'ieee'", GQA_SHARED_HEADS=4, HAS_FULL_BLOCKS=False, IS_DIVISIBLE=True, OUTPUT_LOGSUMEXP=True, OUTPUT_MAX=False, PRESCALE_QK=False, QK_HEAD_DIM=256, QK_HEAD_DIM_ROUNDED=256, ROWS_GUARANTEED_SAFE=False, SAFE_HEAD_DIM=True, SM_SCALE=0.0625, SPARSE_KV_BLOCK_SIZE=1073741824, SPARSE_Q_BLOCK_SIZE=1073741824, USE_TMA=False, V_HEAD_DIM=256, V_HEAD_DIM_ROUNDED=256, WRITE_DQ=True, kpack=2, matrix_instr_nonkdim=0, waves_per_eu=0, num_stages=1, num_warps=8
  triton_flex_attention_8 0.3140 ms 75.7% BLOCKS_ARE_CONTIGUOUS=False, BLOCK_M=64, BLOCK_N=16, FLOAT32_PRECISION="'ieee'", GQA_SHARED_HEADS=4, HAS_FULL_BLOCKS=False, IS_DIVISIBLE=True, OUTPUT_LOGSUMEXP=True, OUTPUT_MAX=False, PRESCALE_QK=False, QK_HEAD_DIM=256, QK_HEAD_DIM_ROUNDED=256, ROWS_GUARANTEED_SAFE=False, SAFE_HEAD_DIM=True, SM_SCALE=0.0625, SPARSE_KV_BLOCK_SIZE=1073741824, SPARSE_Q_BLOCK_SIZE=1073741824, USE_TMA=False, V_HEAD_DIM=256, V_HEAD_DIM_ROUNDED=256, WRITE_DQ=True, kpack=2, matrix_instr_nonkdim=0, waves_per_eu=0, num_stages=1, num_warps=4
  triton_flex_attention_18 0.3221 ms 73.8% BLOCKS_ARE_CONTIGUOUS=False, BLOCK_M=128, BLOCK_N=32, FLOAT32_PRECISION="'ieee'", GQA_SHARED_HEADS=4, HAS_FULL_BLOCKS=False, IS_DIVISIBLE=True, OUTPUT_LOGSUMEXP=True, OUTPUT_MAX=False, PRESCALE_QK=False, QK_HEAD_DIM=256, QK_HEAD_DIM_ROUNDED=256, ROWS_GUARANTEED_SAFE=False, SAFE_HEAD_DIM=True, SM_SCALE=0.0625, SPARSE_KV_BLOCK_SIZE=1073741824, SPARSE_Q_BLOCK_SIZE=1073741824, USE_TMA=False, V_HEAD_DIM=256, V_HEAD_DIM_ROUNDED=256, WRITE_DQ=True, kpack=2, matrix_instr_nonkdim=0, waves_per_eu=0, num_stages=1, num_warps=4
  triton_flex_attention_9 0.3339 ms 71.2% BLOCKS_ARE_CONTIGUOUS=False, BLOCK_M=64, BLOCK_N=16, FLOAT32_PRECISION="'ieee'", GQA_SHARED_HEADS=4, HAS_FULL_BLOCKS=False, IS_DIVISIBLE=True, OUTPUT_LOGSUMEXP=True, OUTPUT_MAX=False, PRESCALE_QK=False, QK_HEAD_DIM=256, QK_HEAD_DIM_ROUNDED=256, ROWS_GUARANTEED_SAFE=False, SAFE_HEAD_DIM=True, SM_SCALE=0.0625, SPARSE_KV_BLOCK_SIZE=1073741824, SPARSE_Q_BLOCK_SIZE=1073741824, USE_TMA=False, V_HEAD_DIM=256, V_HEAD_DIM_ROUNDED=256, WRITE_DQ=True, kpack=2, matrix_instr_nonkdim=0, waves_per_eu=0, num_stages=1, num_warps=8
  triton_flex_attention_17 0.3362 ms 70.7% BLOCKS_ARE_CONTIGUOUS=False, BLOCK_M=128, BLOCK_N=16, FLOAT32_PRECISION="'ieee'", GQA_SHARED_HEADS=4, HAS_FULL_BLOCKS=False, IS_DIVISIBLE=True, OUTPUT_LOGSUMEXP=True, OUTPUT_MAX=False, PRESCALE_QK=False, QK_HEAD_DIM=256, QK_HEAD_DIM_ROUNDED=256, ROWS_GUARANTEED_SAFE=False, SAFE_HEAD_DIM=True, SM_SCALE=0.0625, SPARSE_KV_BLOCK_SIZE=1073741824, SPARSE_Q_BLOCK_SIZE=1073741824, USE_TMA=False, V_HEAD_DIM=256, V_HEAD_DIM_ROUNDED=256, WRITE_DQ=True, kpack=2, matrix_instr_nonkdim=0, waves_per_eu=0, num_stages=1, num_warps=8
  triton_flex_attention_11 0.3425 ms 69.4% BLOCKS_ARE_CONTIGUOUS=False, BLOCK_M=64, BLOCK_N=32, FLOAT32_PRECISION="'ieee'", GQA_SHARED_HEADS=4, HAS_FULL_BLOCKS=False, IS_DIVISIBLE=True, OUTPUT_LOGSUMEXP=True, OUTPUT_MAX=False, PRESCALE_QK=False, QK_HEAD_DIM=256, QK_HEAD_DIM_ROUNDED=256, ROWS_GUARANTEED_SAFE=False, SAFE_HEAD_DIM=True, SM_SCALE=0.0625, SPARSE_KV_BLOCK_SIZE=1073741824, SPARSE_Q_BLOCK_SIZE=1073741824, USE_TMA=False, V_HEAD_DIM=256, V_HEAD_DIM_ROUNDED=256, WRITE_DQ=True, kpack=2, matrix_instr_nonkdim=0, waves_per_eu=0, num_stages=1, num_warps=8
SingleProcess AUTOTUNE benchmarking takes 0.9987 seconds and 1.1959 seconds precompiling for 25 choices
{
  "attention_layers": 6,
  "batch_size": 8,
  "coarse_enable_gqa": true,
  "direct_fused_state_routing": true,
  "fused_state_routing": true,
  "fused_state_update": false,
  "logit_finite": true,
  "other_fraction": 0.5604780417953515,
  "other_ms": 412.02665443113074,
  "phase_fraction": {
    "coarse": 0.15072764885324613,
    "exact_leaf": 0.10374247682872305,
    "page_append": 0.0051690708861498276,
    "route": 0.0872170624454371,
    "state_update": 0.09266569919109234
  },
  "phase_ms": {
    "coarse": 110.8050704151392,
    "exact_leaf": 76.26465706527233,
    "page_append": 3.79996150592342,
    "route": 64.11625749617815,
    "state_update": 68.12173746526241
  },
  "repeats": 2,
  "reuse_state_update_similarity": true,
  "sequence_length": 8192,
  "state_growth_factor": 16.0,
  "total_ms": 735.1343383789062
}
