Warning: You are sending unauthenticated requests to the HF Hub. Please set a HF_TOKEN to enable higher rate limits and faster downloads.
The fast path is not available because one of the required library is not installed. Falling back to torch implementation. To install follow https://github.com/fla-org/flash-linear-attention#installation and https://github.com/Dao-AILab/causal-conv1d
Loading weights:   0%|          | 0/320 [00:00<?, ?it/s]Loading weights: 100%|██████████| 320/320 [00:00<00:00, 16968.11it/s]
Autotune Choices Stats:
{"num_choices": 25, "num_triton_choices": 25, "best_kernel": "triton_flex_attention_12", "best_kernel_desc": "BLOCKS_ARE_CONTIGUOUS=False, BLOCK_M=64, BLOCK_N=64, FLOAT32_PRECISION=\"'ieee'\", GQA_SHARED_HEADS=4, HAS_FULL_BLOCKS=False, IS_DIVISIBLE=True, OUTPUT_LOGSUMEXP=True, OUTPUT_MAX=False, PRESCALE_QK=False, QK_HEAD_DIM=256, QK_HEAD_DIM_ROUNDED=256, ROWS_GUARANTEED_SAFE=False, SAFE_HEAD_DIM=True, SM_SCALE=0.0625, SPARSE_KV_BLOCK_SIZE=1073741824, SPARSE_Q_BLOCK_SIZE=1073741824, USE_TMA=False, V_HEAD_DIM=256, V_HEAD_DIM_ROUNDED=256, WRITE_DQ=True, kpack=2, matrix_instr_nonkdim=0, waves_per_eu=0, num_stages=1, num_warps=4", "best_time": 0.32195600867271423, "best_triton_pos": 0}
AUTOTUNE flex_attention(8x8x256x256, 8x2x2816x256, 8x2x2816x256, 8x8x256, 8x8x256, 1x1x1, 1x1x1x1, 0, 0, 8x8x256x2816)
strides: [524288, 65536, 256, 1], [1441792, 720896, 256, 1], [1441792, 720896, 256, 1], [2048, 256, 1], [2048, 256, 1], [1, 1, 1], [1, 1, 1, 1], [1], [1], [5767168, 720896, 2816, 1]
dtypes: torch.bfloat16, torch.bfloat16, torch.bfloat16, torch.float32, torch.float32, torch.int32, torch.int32, torch.float32, torch.float32, torch.float32
  triton_flex_attention_12 0.3220 ms 100.0% BLOCKS_ARE_CONTIGUOUS=False, BLOCK_M=64, BLOCK_N=64, FLOAT32_PRECISION="'ieee'", GQA_SHARED_HEADS=4, HAS_FULL_BLOCKS=False, IS_DIVISIBLE=True, OUTPUT_LOGSUMEXP=True, OUTPUT_MAX=False, PRESCALE_QK=False, QK_HEAD_DIM=256, QK_HEAD_DIM_ROUNDED=256, ROWS_GUARANTEED_SAFE=False, SAFE_HEAD_DIM=True, SM_SCALE=0.0625, SPARSE_KV_BLOCK_SIZE=1073741824, SPARSE_Q_BLOCK_SIZE=1073741824, USE_TMA=False, V_HEAD_DIM=256, V_HEAD_DIM_ROUNDED=256, WRITE_DQ=True, kpack=2, matrix_instr_nonkdim=0, waves_per_eu=0, num_stages=1, num_warps=4
  triton_flex_attention_14 0.3437 ms 93.7% BLOCKS_ARE_CONTIGUOUS=False, BLOCK_M=64, BLOCK_N=128, FLOAT32_PRECISION="'ieee'", GQA_SHARED_HEADS=4, HAS_FULL_BLOCKS=False, IS_DIVISIBLE=True, OUTPUT_LOGSUMEXP=True, OUTPUT_MAX=False, PRESCALE_QK=False, QK_HEAD_DIM=256, QK_HEAD_DIM_ROUNDED=256, ROWS_GUARANTEED_SAFE=False, SAFE_HEAD_DIM=True, SM_SCALE=0.0625, SPARSE_KV_BLOCK_SIZE=1073741824, SPARSE_Q_BLOCK_SIZE=1073741824, USE_TMA=False, V_HEAD_DIM=256, V_HEAD_DIM_ROUNDED=256, WRITE_DQ=True, kpack=2, matrix_instr_nonkdim=0, waves_per_eu=0, num_stages=1, num_warps=4
  triton_flex_attention_10 0.3521 ms 91.4% BLOCKS_ARE_CONTIGUOUS=False, BLOCK_M=64, BLOCK_N=32, FLOAT32_PRECISION="'ieee'", GQA_SHARED_HEADS=4, HAS_FULL_BLOCKS=False, IS_DIVISIBLE=True, OUTPUT_LOGSUMEXP=True, OUTPUT_MAX=False, PRESCALE_QK=False, QK_HEAD_DIM=256, QK_HEAD_DIM_ROUNDED=256, ROWS_GUARANTEED_SAFE=False, SAFE_HEAD_DIM=True, SM_SCALE=0.0625, SPARSE_KV_BLOCK_SIZE=1073741824, SPARSE_Q_BLOCK_SIZE=1073741824, USE_TMA=False, V_HEAD_DIM=256, V_HEAD_DIM_ROUNDED=256, WRITE_DQ=True, kpack=2, matrix_instr_nonkdim=0, waves_per_eu=0, num_stages=1, num_warps=4
  triton_flex_attention_20 0.3797 ms 84.8% BLOCKS_ARE_CONTIGUOUS=False, BLOCK_M=128, BLOCK_N=64, FLOAT32_PRECISION="'ieee'", GQA_SHARED_HEADS=4, HAS_FULL_BLOCKS=False, IS_DIVISIBLE=True, OUTPUT_LOGSUMEXP=True, OUTPUT_MAX=False, PRESCALE_QK=False, QK_HEAD_DIM=256, QK_HEAD_DIM_ROUNDED=256, ROWS_GUARANTEED_SAFE=False, SAFE_HEAD_DIM=True, SM_SCALE=0.0625, SPARSE_KV_BLOCK_SIZE=1073741824, SPARSE_Q_BLOCK_SIZE=1073741824, USE_TMA=False, V_HEAD_DIM=256, V_HEAD_DIM_ROUNDED=256, WRITE_DQ=True, kpack=2, matrix_instr_nonkdim=0, waves_per_eu=0, num_stages=1, num_warps=4
  triton_flex_attention_13 0.3854 ms 83.5% BLOCKS_ARE_CONTIGUOUS=False, BLOCK_M=64, BLOCK_N=64, FLOAT32_PRECISION="'ieee'", GQA_SHARED_HEADS=4, HAS_FULL_BLOCKS=False, IS_DIVISIBLE=True, OUTPUT_LOGSUMEXP=True, OUTPUT_MAX=False, PRESCALE_QK=False, QK_HEAD_DIM=256, QK_HEAD_DIM_ROUNDED=256, ROWS_GUARANTEED_SAFE=False, SAFE_HEAD_DIM=True, SM_SCALE=0.0625, SPARSE_KV_BLOCK_SIZE=1073741824, SPARSE_Q_BLOCK_SIZE=1073741824, USE_TMA=False, V_HEAD_DIM=256, V_HEAD_DIM_ROUNDED=256, WRITE_DQ=True, kpack=2, matrix_instr_nonkdim=0, waves_per_eu=0, num_stages=1, num_warps=8
  triton_flex_attention_8 0.4113 ms 78.3% BLOCKS_ARE_CONTIGUOUS=False, BLOCK_M=64, BLOCK_N=16, FLOAT32_PRECISION="'ieee'", GQA_SHARED_HEADS=4, HAS_FULL_BLOCKS=False, IS_DIVISIBLE=True, OUTPUT_LOGSUMEXP=True, OUTPUT_MAX=False, PRESCALE_QK=False, QK_HEAD_DIM=256, QK_HEAD_DIM_ROUNDED=256, ROWS_GUARANTEED_SAFE=False, SAFE_HEAD_DIM=True, SM_SCALE=0.0625, SPARSE_KV_BLOCK_SIZE=1073741824, SPARSE_Q_BLOCK_SIZE=1073741824, USE_TMA=False, V_HEAD_DIM=256, V_HEAD_DIM_ROUNDED=256, WRITE_DQ=True, kpack=2, matrix_instr_nonkdim=0, waves_per_eu=0, num_stages=1, num_warps=4
  triton_flex_attention_17 0.4386 ms 73.4% BLOCKS_ARE_CONTIGUOUS=False, BLOCK_M=128, BLOCK_N=16, FLOAT32_PRECISION="'ieee'", GQA_SHARED_HEADS=4, HAS_FULL_BLOCKS=False, IS_DIVISIBLE=True, OUTPUT_LOGSUMEXP=True, OUTPUT_MAX=False, PRESCALE_QK=False, QK_HEAD_DIM=256, QK_HEAD_DIM_ROUNDED=256, ROWS_GUARANTEED_SAFE=False, SAFE_HEAD_DIM=True, SM_SCALE=0.0625, SPARSE_KV_BLOCK_SIZE=1073741824, SPARSE_Q_BLOCK_SIZE=1073741824, USE_TMA=False, V_HEAD_DIM=256, V_HEAD_DIM_ROUNDED=256, WRITE_DQ=True, kpack=2, matrix_instr_nonkdim=0, waves_per_eu=0, num_stages=1, num_warps=8
  triton_flex_attention_9 0.4436 ms 72.6% BLOCKS_ARE_CONTIGUOUS=False, BLOCK_M=64, BLOCK_N=16, FLOAT32_PRECISION="'ieee'", GQA_SHARED_HEADS=4, HAS_FULL_BLOCKS=False, IS_DIVISIBLE=True, OUTPUT_LOGSUMEXP=True, OUTPUT_MAX=False, PRESCALE_QK=False, QK_HEAD_DIM=256, QK_HEAD_DIM_ROUNDED=256, ROWS_GUARANTEED_SAFE=False, SAFE_HEAD_DIM=True, SM_SCALE=0.0625, SPARSE_KV_BLOCK_SIZE=1073741824, SPARSE_Q_BLOCK_SIZE=1073741824, USE_TMA=False, V_HEAD_DIM=256, V_HEAD_DIM_ROUNDED=256, WRITE_DQ=True, kpack=2, matrix_instr_nonkdim=0, waves_per_eu=0, num_stages=1, num_warps=8
  triton_flex_attention_18 0.4491 ms 71.7% BLOCKS_ARE_CONTIGUOUS=False, BLOCK_M=128, BLOCK_N=32, FLOAT32_PRECISION="'ieee'", GQA_SHARED_HEADS=4, HAS_FULL_BLOCKS=False, IS_DIVISIBLE=True, OUTPUT_LOGSUMEXP=True, OUTPUT_MAX=False, PRESCALE_QK=False, QK_HEAD_DIM=256, QK_HEAD_DIM_ROUNDED=256, ROWS_GUARANTEED_SAFE=False, SAFE_HEAD_DIM=True, SM_SCALE=0.0625, SPARSE_KV_BLOCK_SIZE=1073741824, SPARSE_Q_BLOCK_SIZE=1073741824, USE_TMA=False, V_HEAD_DIM=256, V_HEAD_DIM_ROUNDED=256, WRITE_DQ=True, kpack=2, matrix_instr_nonkdim=0, waves_per_eu=0, num_stages=1, num_warps=4
  triton_flex_attention_11 0.4661 ms 69.1% BLOCKS_ARE_CONTIGUOUS=False, BLOCK_M=64, BLOCK_N=32, FLOAT32_PRECISION="'ieee'", GQA_SHARED_HEADS=4, HAS_FULL_BLOCKS=False, IS_DIVISIBLE=True, OUTPUT_LOGSUMEXP=True, OUTPUT_MAX=False, PRESCALE_QK=False, QK_HEAD_DIM=256, QK_HEAD_DIM_ROUNDED=256, ROWS_GUARANTEED_SAFE=False, SAFE_HEAD_DIM=True, SM_SCALE=0.0625, SPARSE_KV_BLOCK_SIZE=1073741824, SPARSE_Q_BLOCK_SIZE=1073741824, USE_TMA=False, V_HEAD_DIM=256, V_HEAD_DIM_ROUNDED=256, WRITE_DQ=True, kpack=2, matrix_instr_nonkdim=0, waves_per_eu=0, num_stages=1, num_warps=8
SingleProcess AUTOTUNE benchmarking takes 1.5854 seconds and 0.9971 seconds precompiling for 25 choices
{
  "attention_layers": 6,
  "batch_size": 8,
  "coarse_enable_gqa": true,
  "direct_fused_state_routing": true,
  "fused_state_routing": true,
  "fused_state_update": false,
  "logit_finite": true,
  "other_fraction": 0.5004219610324037,
  "other_ms": 768.0676561100408,
  "phase_fraction": {
    "coarse": 0.15999797818379757,
    "exact_leaf": 0.12249585226451443,
    "page_append": 0.0041515802238544395,
    "route": 0.11889597312937597,
    "state_update": 0.09403665516605388
  },
  "phase_ms": {
    "coarse": 245.57130113244057,
    "exact_leaf": 188.01153717935085,
    "page_append": 6.372011502273381,
    "route": 182.4862985908985,
    "state_update": 144.3312223404646
  },
  "repeats": 2,
  "reuse_state_update_similarity": true,
  "sequence_length": 16384,
  "state_growth_factor": 16.0,
  "total_ms": 1534.8400268554688
}
