Warning: You are sending unauthenticated requests to the HF Hub. Please set a HF_TOKEN to enable higher rate limits and faster downloads.
The fast path is not available because one of the required library is not installed. Falling back to torch implementation. To install follow https://github.com/fla-org/flash-linear-attention#installation and https://github.com/Dao-AILab/causal-conv1d
Loading weights:   0%|          | 0/320 [00:00<?, ?it/s]Loading weights: 100%|██████████| 320/320 [00:00<00:00, 17431.10it/s]
Autotune Choices Stats:
{"num_choices": 25, "num_triton_choices": 25, "best_kernel": "triton_flex_attention_12", "best_kernel_desc": "BLOCKS_ARE_CONTIGUOUS=False, BLOCK_M=64, BLOCK_N=64, FLOAT32_PRECISION=\"'ieee'\", GQA_SHARED_HEADS=4, HAS_FULL_BLOCKS=False, IS_DIVISIBLE=True, OUTPUT_LOGSUMEXP=True, OUTPUT_MAX=False, PRESCALE_QK=False, QK_HEAD_DIM=256, QK_HEAD_DIM_ROUNDED=256, ROWS_GUARANTEED_SAFE=False, SAFE_HEAD_DIM=True, SM_SCALE=0.0625, SPARSE_KV_BLOCK_SIZE=1073741824, SPARSE_Q_BLOCK_SIZE=1073741824, USE_TMA=False, V_HEAD_DIM=256, V_HEAD_DIM_ROUNDED=256, WRITE_DQ=True, kpack=2, matrix_instr_nonkdim=0, waves_per_eu=0, num_stages=1, num_warps=4", "best_time": 0.41891399025917053, "best_triton_pos": 0}
AUTOTUNE flex_attention(8x8x256x256, 8x2x3584x256, 8x2x3584x256, 8x8x256, 8x8x256, 1x1x1, 1x1x1x1, 0, 0, 8x8x256x3584)
strides: [524288, 65536, 256, 1], [1835008, 917504, 256, 1], [1835008, 917504, 256, 1], [2048, 256, 1], [2048, 256, 1], [1, 1, 1], [1, 1, 1, 1], [1], [1], [7340032, 917504, 3584, 1]
dtypes: torch.bfloat16, torch.bfloat16, torch.bfloat16, torch.float32, torch.float32, torch.int32, torch.int32, torch.float32, torch.float32, torch.float32
  triton_flex_attention_12 0.4189 ms 100.0% BLOCKS_ARE_CONTIGUOUS=False, BLOCK_M=64, BLOCK_N=64, FLOAT32_PRECISION="'ieee'", GQA_SHARED_HEADS=4, HAS_FULL_BLOCKS=False, IS_DIVISIBLE=True, OUTPUT_LOGSUMEXP=True, OUTPUT_MAX=False, PRESCALE_QK=False, QK_HEAD_DIM=256, QK_HEAD_DIM_ROUNDED=256, ROWS_GUARANTEED_SAFE=False, SAFE_HEAD_DIM=True, SM_SCALE=0.0625, SPARSE_KV_BLOCK_SIZE=1073741824, SPARSE_Q_BLOCK_SIZE=1073741824, USE_TMA=False, V_HEAD_DIM=256, V_HEAD_DIM_ROUNDED=256, WRITE_DQ=True, kpack=2, matrix_instr_nonkdim=0, waves_per_eu=0, num_stages=1, num_warps=4
  triton_flex_attention_14 0.4394 ms 95.3% BLOCKS_ARE_CONTIGUOUS=False, BLOCK_M=64, BLOCK_N=128, FLOAT32_PRECISION="'ieee'", GQA_SHARED_HEADS=4, HAS_FULL_BLOCKS=False, IS_DIVISIBLE=True, OUTPUT_LOGSUMEXP=True, OUTPUT_MAX=False, PRESCALE_QK=False, QK_HEAD_DIM=256, QK_HEAD_DIM_ROUNDED=256, ROWS_GUARANTEED_SAFE=False, SAFE_HEAD_DIM=True, SM_SCALE=0.0625, SPARSE_KV_BLOCK_SIZE=1073741824, SPARSE_Q_BLOCK_SIZE=1073741824, USE_TMA=False, V_HEAD_DIM=256, V_HEAD_DIM_ROUNDED=256, WRITE_DQ=True, kpack=2, matrix_instr_nonkdim=0, waves_per_eu=0, num_stages=1, num_warps=4
  triton_flex_attention_10 0.4466 ms 93.8% BLOCKS_ARE_CONTIGUOUS=False, BLOCK_M=64, BLOCK_N=32, FLOAT32_PRECISION="'ieee'", GQA_SHARED_HEADS=4, HAS_FULL_BLOCKS=False, IS_DIVISIBLE=True, OUTPUT_LOGSUMEXP=True, OUTPUT_MAX=False, PRESCALE_QK=False, QK_HEAD_DIM=256, QK_HEAD_DIM_ROUNDED=256, ROWS_GUARANTEED_SAFE=False, SAFE_HEAD_DIM=True, SM_SCALE=0.0625, SPARSE_KV_BLOCK_SIZE=1073741824, SPARSE_Q_BLOCK_SIZE=1073741824, USE_TMA=False, V_HEAD_DIM=256, V_HEAD_DIM_ROUNDED=256, WRITE_DQ=True, kpack=2, matrix_instr_nonkdim=0, waves_per_eu=0, num_stages=1, num_warps=4
  triton_flex_attention_20 0.4966 ms 84.4% BLOCKS_ARE_CONTIGUOUS=False, BLOCK_M=128, BLOCK_N=64, FLOAT32_PRECISION="'ieee'", GQA_SHARED_HEADS=4, HAS_FULL_BLOCKS=False, IS_DIVISIBLE=True, OUTPUT_LOGSUMEXP=True, OUTPUT_MAX=False, PRESCALE_QK=False, QK_HEAD_DIM=256, QK_HEAD_DIM_ROUNDED=256, ROWS_GUARANTEED_SAFE=False, SAFE_HEAD_DIM=True, SM_SCALE=0.0625, SPARSE_KV_BLOCK_SIZE=1073741824, SPARSE_Q_BLOCK_SIZE=1073741824, USE_TMA=False, V_HEAD_DIM=256, V_HEAD_DIM_ROUNDED=256, WRITE_DQ=True, kpack=2, matrix_instr_nonkdim=0, waves_per_eu=0, num_stages=1, num_warps=4
  triton_flex_attention_13 0.5030 ms 83.3% BLOCKS_ARE_CONTIGUOUS=False, BLOCK_M=64, BLOCK_N=64, FLOAT32_PRECISION="'ieee'", GQA_SHARED_HEADS=4, HAS_FULL_BLOCKS=False, IS_DIVISIBLE=True, OUTPUT_LOGSUMEXP=True, OUTPUT_MAX=False, PRESCALE_QK=False, QK_HEAD_DIM=256, QK_HEAD_DIM_ROUNDED=256, ROWS_GUARANTEED_SAFE=False, SAFE_HEAD_DIM=True, SM_SCALE=0.0625, SPARSE_KV_BLOCK_SIZE=1073741824, SPARSE_Q_BLOCK_SIZE=1073741824, USE_TMA=False, V_HEAD_DIM=256, V_HEAD_DIM_ROUNDED=256, WRITE_DQ=True, kpack=2, matrix_instr_nonkdim=0, waves_per_eu=0, num_stages=1, num_warps=8
  triton_flex_attention_8 0.5397 ms 77.6% BLOCKS_ARE_CONTIGUOUS=False, BLOCK_M=64, BLOCK_N=16, FLOAT32_PRECISION="'ieee'", GQA_SHARED_HEADS=4, HAS_FULL_BLOCKS=False, IS_DIVISIBLE=True, OUTPUT_LOGSUMEXP=True, OUTPUT_MAX=False, PRESCALE_QK=False, QK_HEAD_DIM=256, QK_HEAD_DIM_ROUNDED=256, ROWS_GUARANTEED_SAFE=False, SAFE_HEAD_DIM=True, SM_SCALE=0.0625, SPARSE_KV_BLOCK_SIZE=1073741824, SPARSE_Q_BLOCK_SIZE=1073741824, USE_TMA=False, V_HEAD_DIM=256, V_HEAD_DIM_ROUNDED=256, WRITE_DQ=True, kpack=2, matrix_instr_nonkdim=0, waves_per_eu=0, num_stages=1, num_warps=4
  triton_flex_attention_9 0.5770 ms 72.6% BLOCKS_ARE_CONTIGUOUS=False, BLOCK_M=64, BLOCK_N=16, FLOAT32_PRECISION="'ieee'", GQA_SHARED_HEADS=4, HAS_FULL_BLOCKS=False, IS_DIVISIBLE=True, OUTPUT_LOGSUMEXP=True, OUTPUT_MAX=False, PRESCALE_QK=False, QK_HEAD_DIM=256, QK_HEAD_DIM_ROUNDED=256, ROWS_GUARANTEED_SAFE=False, SAFE_HEAD_DIM=True, SM_SCALE=0.0625, SPARSE_KV_BLOCK_SIZE=1073741824, SPARSE_Q_BLOCK_SIZE=1073741824, USE_TMA=False, V_HEAD_DIM=256, V_HEAD_DIM_ROUNDED=256, WRITE_DQ=True, kpack=2, matrix_instr_nonkdim=0, waves_per_eu=0, num_stages=1, num_warps=8
  triton_flex_attention_17 0.5880 ms 71.2% BLOCKS_ARE_CONTIGUOUS=False, BLOCK_M=128, BLOCK_N=16, FLOAT32_PRECISION="'ieee'", GQA_SHARED_HEADS=4, HAS_FULL_BLOCKS=False, IS_DIVISIBLE=True, OUTPUT_LOGSUMEXP=True, OUTPUT_MAX=False, PRESCALE_QK=False, QK_HEAD_DIM=256, QK_HEAD_DIM_ROUNDED=256, ROWS_GUARANTEED_SAFE=False, SAFE_HEAD_DIM=True, SM_SCALE=0.0625, SPARSE_KV_BLOCK_SIZE=1073741824, SPARSE_Q_BLOCK_SIZE=1073741824, USE_TMA=False, V_HEAD_DIM=256, V_HEAD_DIM_ROUNDED=256, WRITE_DQ=True, kpack=2, matrix_instr_nonkdim=0, waves_per_eu=0, num_stages=1, num_warps=8
  triton_flex_attention_18 0.5885 ms 71.2% BLOCKS_ARE_CONTIGUOUS=False, BLOCK_M=128, BLOCK_N=32, FLOAT32_PRECISION="'ieee'", GQA_SHARED_HEADS=4, HAS_FULL_BLOCKS=False, IS_DIVISIBLE=True, OUTPUT_LOGSUMEXP=True, OUTPUT_MAX=False, PRESCALE_QK=False, QK_HEAD_DIM=256, QK_HEAD_DIM_ROUNDED=256, ROWS_GUARANTEED_SAFE=False, SAFE_HEAD_DIM=True, SM_SCALE=0.0625, SPARSE_KV_BLOCK_SIZE=1073741824, SPARSE_Q_BLOCK_SIZE=1073741824, USE_TMA=False, V_HEAD_DIM=256, V_HEAD_DIM_ROUNDED=256, WRITE_DQ=True, kpack=2, matrix_instr_nonkdim=0, waves_per_eu=0, num_stages=1, num_warps=4
  triton_flex_attention_11 0.6098 ms 68.7% BLOCKS_ARE_CONTIGUOUS=False, BLOCK_M=64, BLOCK_N=32, FLOAT32_PRECISION="'ieee'", GQA_SHARED_HEADS=4, HAS_FULL_BLOCKS=False, IS_DIVISIBLE=True, OUTPUT_LOGSUMEXP=True, OUTPUT_MAX=False, PRESCALE_QK=False, QK_HEAD_DIM=256, QK_HEAD_DIM_ROUNDED=256, ROWS_GUARANTEED_SAFE=False, SAFE_HEAD_DIM=True, SM_SCALE=0.0625, SPARSE_KV_BLOCK_SIZE=1073741824, SPARSE_Q_BLOCK_SIZE=1073741824, USE_TMA=False, V_HEAD_DIM=256, V_HEAD_DIM_ROUNDED=256, WRITE_DQ=True, kpack=2, matrix_instr_nonkdim=0, waves_per_eu=0, num_stages=1, num_warps=8
SingleProcess AUTOTUNE benchmarking takes 0.7891 seconds and 1.0524 seconds precompiling for 25 choices
{
  "attention_layers": 6,
  "batch_size": 8,
  "block_m": 16,
  "block_n": 64,
  "calls": 756,
  "exact_leaf_total_ms": 5629.178129911423,
  "layout": "expert",
  "logit_finite": true,
  "num_warps": 2,
  "phase_fraction": {
    "dispatch": 0.03411260942545373,
    "kernel": 0.9514495979983718,
    "pack": 0.0015026912975583694,
    "reduce": 0.01293510159163911
  },
  "phase_ms": {
    "dispatch": 192.0259549319744,
    "kernel": 5355.8792687654495,
    "pack": 8.458916988223791,
    "reduce": 72.81399098783731
  },
  "sequence_length": 32768
}
