Warning: You are sending unauthenticated requests to the HF Hub. Please set a HF_TOKEN to enable higher rate limits and faster downloads.
The fast path is not available because one of the required library is not installed. Falling back to torch implementation. To install follow https://github.com/fla-org/flash-linear-attention#installation and https://github.com/Dao-AILab/causal-conv1d
Loading weights:   0%|          | 0/320 [00:00<?, ?it/s]Loading weights: 100%|██████████| 320/320 [00:00<00:00, 16031.74it/s]
Autotune Choices Stats:
{"num_choices": 25, "num_triton_choices": 25, "best_kernel": "triton_flex_attention_9", "best_kernel_desc": "BLOCKS_ARE_CONTIGUOUS=False, BLOCK_M=64, BLOCK_N=16, FLOAT32_PRECISION=\"'ieee'\", GQA_SHARED_HEADS=4, HAS_FULL_BLOCKS=False, IS_DIVISIBLE=True, OUTPUT_LOGSUMEXP=True, OUTPUT_MAX=False, PRESCALE_QK=False, QK_HEAD_DIM=256, QK_HEAD_DIM_ROUNDED=256, ROWS_GUARANTEED_SAFE=False, SAFE_HEAD_DIM=True, SM_SCALE=0.0625, SPARSE_KV_BLOCK_SIZE=1073741824, SPARSE_Q_BLOCK_SIZE=1073741824, USE_TMA=False, V_HEAD_DIM=256, V_HEAD_DIM_ROUNDED=256, WRITE_DQ=True, kpack=2, matrix_instr_nonkdim=0, waves_per_eu=0, num_stages=1, num_warps=8", "best_time": 0.6282709836959839, "best_triton_pos": 0}
AUTOTUNE flex_attention(8x8x256x256, 8x2x4864x256, 8x2x4864x256, 8x8x256, 8x8x256, 1x1x1, 1x1x1x1, 0, 0, 8x8x6400)
strides: [524288, 65536, 256, 1], [2490368, 1245184, 256, 1], [2490368, 1245184, 256, 1], [2048, 256, 1], [2048, 256, 1], [1, 1, 1], [1, 1, 1, 1], [1], [1], [51200, 6400, 1]
dtypes: torch.bfloat16, torch.bfloat16, torch.bfloat16, torch.float32, torch.float32, torch.int32, torch.int32, torch.float32, torch.float32, torch.float32
  triton_flex_attention_9 0.6283 ms 100.0% BLOCKS_ARE_CONTIGUOUS=False, BLOCK_M=64, BLOCK_N=16, FLOAT32_PRECISION="'ieee'", GQA_SHARED_HEADS=4, HAS_FULL_BLOCKS=False, IS_DIVISIBLE=True, OUTPUT_LOGSUMEXP=True, OUTPUT_MAX=False, PRESCALE_QK=False, QK_HEAD_DIM=256, QK_HEAD_DIM_ROUNDED=256, ROWS_GUARANTEED_SAFE=False, SAFE_HEAD_DIM=True, SM_SCALE=0.0625, SPARSE_KV_BLOCK_SIZE=1073741824, SPARSE_Q_BLOCK_SIZE=1073741824, USE_TMA=False, V_HEAD_DIM=256, V_HEAD_DIM_ROUNDED=256, WRITE_DQ=True, kpack=2, matrix_instr_nonkdim=0, waves_per_eu=0, num_stages=1, num_warps=8
  triton_flex_attention_17 0.6649 ms 94.5% BLOCKS_ARE_CONTIGUOUS=False, BLOCK_M=128, BLOCK_N=16, FLOAT32_PRECISION="'ieee'", GQA_SHARED_HEADS=4, HAS_FULL_BLOCKS=False, IS_DIVISIBLE=True, OUTPUT_LOGSUMEXP=True, OUTPUT_MAX=False, PRESCALE_QK=False, QK_HEAD_DIM=256, QK_HEAD_DIM_ROUNDED=256, ROWS_GUARANTEED_SAFE=False, SAFE_HEAD_DIM=True, SM_SCALE=0.0625, SPARSE_KV_BLOCK_SIZE=1073741824, SPARSE_Q_BLOCK_SIZE=1073741824, USE_TMA=False, V_HEAD_DIM=256, V_HEAD_DIM_ROUNDED=256, WRITE_DQ=True, kpack=2, matrix_instr_nonkdim=0, waves_per_eu=0, num_stages=1, num_warps=8
  triton_flex_attention_8 0.6715 ms 93.6% BLOCKS_ARE_CONTIGUOUS=False, BLOCK_M=64, BLOCK_N=16, FLOAT32_PRECISION="'ieee'", GQA_SHARED_HEADS=4, HAS_FULL_BLOCKS=False, IS_DIVISIBLE=True, OUTPUT_LOGSUMEXP=True, OUTPUT_MAX=False, PRESCALE_QK=False, QK_HEAD_DIM=256, QK_HEAD_DIM_ROUNDED=256, ROWS_GUARANTEED_SAFE=False, SAFE_HEAD_DIM=True, SM_SCALE=0.0625, SPARSE_KV_BLOCK_SIZE=1073741824, SPARSE_Q_BLOCK_SIZE=1073741824, USE_TMA=False, V_HEAD_DIM=256, V_HEAD_DIM_ROUNDED=256, WRITE_DQ=True, kpack=2, matrix_instr_nonkdim=0, waves_per_eu=0, num_stages=1, num_warps=4
  triton_flex_attention_14 0.6926 ms 90.7% BLOCKS_ARE_CONTIGUOUS=False, BLOCK_M=64, BLOCK_N=128, FLOAT32_PRECISION="'ieee'", GQA_SHARED_HEADS=4, HAS_FULL_BLOCKS=False, IS_DIVISIBLE=True, OUTPUT_LOGSUMEXP=True, OUTPUT_MAX=False, PRESCALE_QK=False, QK_HEAD_DIM=256, QK_HEAD_DIM_ROUNDED=256, ROWS_GUARANTEED_SAFE=False, SAFE_HEAD_DIM=True, SM_SCALE=0.0625, SPARSE_KV_BLOCK_SIZE=1073741824, SPARSE_Q_BLOCK_SIZE=1073741824, USE_TMA=False, V_HEAD_DIM=256, V_HEAD_DIM_ROUNDED=256, WRITE_DQ=True, kpack=2, matrix_instr_nonkdim=0, waves_per_eu=0, num_stages=1, num_warps=4
  triton_flex_attention_10 0.7449 ms 84.3% BLOCKS_ARE_CONTIGUOUS=False, BLOCK_M=64, BLOCK_N=32, FLOAT32_PRECISION="'ieee'", GQA_SHARED_HEADS=4, HAS_FULL_BLOCKS=False, IS_DIVISIBLE=True, OUTPUT_LOGSUMEXP=True, OUTPUT_MAX=False, PRESCALE_QK=False, QK_HEAD_DIM=256, QK_HEAD_DIM_ROUNDED=256, ROWS_GUARANTEED_SAFE=False, SAFE_HEAD_DIM=True, SM_SCALE=0.0625, SPARSE_KV_BLOCK_SIZE=1073741824, SPARSE_Q_BLOCK_SIZE=1073741824, USE_TMA=False, V_HEAD_DIM=256, V_HEAD_DIM_ROUNDED=256, WRITE_DQ=True, kpack=2, matrix_instr_nonkdim=0, waves_per_eu=0, num_stages=1, num_warps=4
  triton_flex_attention_22 0.7685 ms 81.8% BLOCKS_ARE_CONTIGUOUS=False, BLOCK_M=128, BLOCK_N=128, FLOAT32_PRECISION="'ieee'", GQA_SHARED_HEADS=4, HAS_FULL_BLOCKS=False, IS_DIVISIBLE=True, OUTPUT_LOGSUMEXP=True, OUTPUT_MAX=False, PRESCALE_QK=False, QK_HEAD_DIM=256, QK_HEAD_DIM_ROUNDED=256, ROWS_GUARANTEED_SAFE=False, SAFE_HEAD_DIM=True, SM_SCALE=0.0625, SPARSE_KV_BLOCK_SIZE=1073741824, SPARSE_Q_BLOCK_SIZE=1073741824, USE_TMA=False, V_HEAD_DIM=256, V_HEAD_DIM_ROUNDED=256, WRITE_DQ=True, kpack=2, matrix_instr_nonkdim=0, waves_per_eu=0, num_stages=1, num_warps=4
  triton_flex_attention_12 0.7732 ms 81.3% BLOCKS_ARE_CONTIGUOUS=False, BLOCK_M=64, BLOCK_N=64, FLOAT32_PRECISION="'ieee'", GQA_SHARED_HEADS=4, HAS_FULL_BLOCKS=False, IS_DIVISIBLE=True, OUTPUT_LOGSUMEXP=True, OUTPUT_MAX=False, PRESCALE_QK=False, QK_HEAD_DIM=256, QK_HEAD_DIM_ROUNDED=256, ROWS_GUARANTEED_SAFE=False, SAFE_HEAD_DIM=True, SM_SCALE=0.0625, SPARSE_KV_BLOCK_SIZE=1073741824, SPARSE_Q_BLOCK_SIZE=1073741824, USE_TMA=False, V_HEAD_DIM=256, V_HEAD_DIM_ROUNDED=256, WRITE_DQ=True, kpack=2, matrix_instr_nonkdim=0, waves_per_eu=0, num_stages=1, num_warps=4
  triton_flex_attention_20 0.7937 ms 79.2% BLOCKS_ARE_CONTIGUOUS=False, BLOCK_M=128, BLOCK_N=64, FLOAT32_PRECISION="'ieee'", GQA_SHARED_HEADS=4, HAS_FULL_BLOCKS=False, IS_DIVISIBLE=True, OUTPUT_LOGSUMEXP=True, OUTPUT_MAX=False, PRESCALE_QK=False, QK_HEAD_DIM=256, QK_HEAD_DIM_ROUNDED=256, ROWS_GUARANTEED_SAFE=False, SAFE_HEAD_DIM=True, SM_SCALE=0.0625, SPARSE_KV_BLOCK_SIZE=1073741824, SPARSE_Q_BLOCK_SIZE=1073741824, USE_TMA=False, V_HEAD_DIM=256, V_HEAD_DIM_ROUNDED=256, WRITE_DQ=True, kpack=2, matrix_instr_nonkdim=0, waves_per_eu=0, num_stages=1, num_warps=4
  triton_flex_attention_19 0.8540 ms 73.6% BLOCKS_ARE_CONTIGUOUS=False, BLOCK_M=128, BLOCK_N=32, FLOAT32_PRECISION="'ieee'", GQA_SHARED_HEADS=4, HAS_FULL_BLOCKS=False, IS_DIVISIBLE=True, OUTPUT_LOGSUMEXP=True, OUTPUT_MAX=False, PRESCALE_QK=False, QK_HEAD_DIM=256, QK_HEAD_DIM_ROUNDED=256, ROWS_GUARANTEED_SAFE=False, SAFE_HEAD_DIM=True, SM_SCALE=0.0625, SPARSE_KV_BLOCK_SIZE=1073741824, SPARSE_Q_BLOCK_SIZE=1073741824, USE_TMA=False, V_HEAD_DIM=256, V_HEAD_DIM_ROUNDED=256, WRITE_DQ=True, kpack=2, matrix_instr_nonkdim=0, waves_per_eu=0, num_stages=1, num_warps=8
  triton_flex_attention_18 0.8619 ms 72.9% BLOCKS_ARE_CONTIGUOUS=False, BLOCK_M=128, BLOCK_N=32, FLOAT32_PRECISION="'ieee'", GQA_SHARED_HEADS=4, HAS_FULL_BLOCKS=False, IS_DIVISIBLE=True, OUTPUT_LOGSUMEXP=True, OUTPUT_MAX=False, PRESCALE_QK=False, QK_HEAD_DIM=256, QK_HEAD_DIM_ROUNDED=256, ROWS_GUARANTEED_SAFE=False, SAFE_HEAD_DIM=True, SM_SCALE=0.0625, SPARSE_KV_BLOCK_SIZE=1073741824, SPARSE_Q_BLOCK_SIZE=1073741824, USE_TMA=False, V_HEAD_DIM=256, V_HEAD_DIM_ROUNDED=256, WRITE_DQ=True, kpack=2, matrix_instr_nonkdim=0, waves_per_eu=0, num_stages=1, num_warps=4
SingleProcess AUTOTUNE benchmarking takes 0.9148 seconds and 1.0830 seconds precompiling for 25 choices
{
  "attention_layers": 6,
  "batch_size": 8,
  "block_m": 16,
  "block_n": 16,
  "calls": 1524,
  "exact_leaf_total_ms": 1951.36507666111,
  "layout": "query",
  "logit_finite": true,
  "num_warps": 2,
  "phase_fraction": {
    "kernel": 1.0000000005192666
  },
  "phase_ms": {
    "kernel": 1951.3650776743889
  },
  "sequence_length": 65536
}
