{
  "breakdown": {
    "difficulty:easy": {
      "count": 192,
      "full": {
        "correct": 105,
        "accuracy": 0.546875,
        "wilson_95": [
          0.476230851164372,
          0.6156802288918697
        ]
      },
      "lod": {
        "correct": 56,
        "accuracy": 0.2916666666666667,
        "wilson_95": [
          0.23196339072421923,
          0.35954292013692846
        ]
      },
      "lod_minus_full": -0.2552083333333333
    },
    "difficulty:hard": {
      "count": 311,
      "full": {
        "correct": 146,
        "accuracy": 0.4694533762057878,
        "wilson_95": [
          0.4146983582551678,
          0.5249538080409468
        ]
      },
      "lod": {
        "correct": 85,
        "accuracy": 0.2733118971061093,
        "wilson_95": [
          0.22677290133633893,
          0.3253826485453521
        ]
      },
      "lod_minus_full": -0.19614147909967847
    },
    "domain:Code Repository Understanding": {
      "count": 50,
      "full": {
        "correct": 22,
        "accuracy": 0.44,
        "wilson_95": [
          0.3116219921125717,
          0.5769397197834315
        ]
      },
      "lod": {
        "correct": 11,
        "accuracy": 0.22,
        "wilson_95": [
          0.1275391597021442,
          0.3524154958125367
        ]
      },
      "lod_minus_full": -0.22
    },
    "domain:Long In-context Learning": {
      "count": 81,
      "full": {
        "correct": 52,
        "accuracy": 0.6419753086419753,
        "wilson_95": [
          0.533330621472244,
          0.7377632555037368
        ]
      },
      "lod": {
        "correct": 23,
        "accuracy": 0.2839506172839506,
        "wilson_95": [
          0.19728731636228797,
          0.39017852302208883
        ]
      },
      "lod_minus_full": -0.35802469135802467
    },
    "domain:Long Structured Data Understanding": {
      "count": 33,
      "full": {
        "correct": 16,
        "accuracy": 0.48484848484848486,
        "wilson_95": [
          0.32504042108133696,
          0.6478162455108585
        ]
      },
      "lod": {
        "correct": 10,
        "accuracy": 0.30303030303030304,
        "wilson_95": [
          0.17375531424053606,
          0.47338135145800575
        ]
      },
      "lod_minus_full": -0.18181818181818182
    },
    "domain:Long-dialogue History Understanding": {
      "count": 39,
      "full": {
        "correct": 19,
        "accuracy": 0.48717948717948717,
        "wilson_95": [
          0.33865175329862,
          0.6380063711554202
        ]
      },
      "lod": {
        "correct": 9,
        "accuracy": 0.23076923076923078,
        "wilson_95": [
          0.1264580412514285,
          0.3833625722834177
        ]
      },
      "lod_minus_full": -0.2564102564102564
    },
    "domain:Multi-Document QA": {
      "count": 125,
      "full": {
        "correct": 60,
        "accuracy": 0.48,
        "wilson_95": [
          0.3943276701621969,
          0.5668649455861363
        ]
      },
      "lod": {
        "correct": 37,
        "accuracy": 0.296,
        "wilson_95": [
          0.22302510872923897,
          0.38113957190375825
        ]
      },
      "lod_minus_full": -0.184
    },
    "domain:Single-Document QA": {
      "count": 175,
      "full": {
        "correct": 82,
        "accuracy": 0.4685714285714286,
        "wilson_95": [
          0.3961085446331309,
          0.5423844643563083
        ]
      },
      "lod": {
        "correct": 51,
        "accuracy": 0.2914285714285714,
        "wilson_95": [
          0.22915846961854597,
          0.36265877185682366
        ]
      },
      "lod_minus_full": -0.17714285714285713
    },
    "length:long": {
      "count": 108,
      "full": {
        "correct": 50,
        "accuracy": 0.46296296296296297,
        "wilson_95": [
          0.3718157035145485,
          0.5566544712814927
        ]
      },
      "lod": {
        "correct": 25,
        "accuracy": 0.23148148148148148,
        "wilson_95": [
          0.16199363571704478,
          0.31941513155425433
        ]
      },
      "lod_minus_full": -0.23148148148148148
    },
    "length:medium": {
      "count": 215,
      "full": {
        "correct": 106,
        "accuracy": 0.4930232558139535,
        "wilson_95": [
          0.42690702991384155,
          0.5593844158836476
        ]
      },
      "lod": {
        "correct": 58,
        "accuracy": 0.26976744186046514,
        "wilson_95": [
          0.21486590137282469,
          0.33275180994432196
        ]
      },
      "lod_minus_full": -0.22325581395348837
    },
    "length:short": {
      "count": 180,
      "full": {
        "correct": 95,
        "accuracy": 0.5277777777777778,
        "wilson_95": [
          0.4550302612186342,
          0.5993644333412761
        ]
      },
      "lod": {
        "correct": 58,
        "accuracy": 0.32222222222222224,
        "wilson_95": [
          0.25828143096508205,
          0.39359252385149146
        ]
      },
      "lod_minus_full": -0.20555555555555555
    },
    "overall": {
      "count": 503,
      "full": {
        "correct": 251,
        "accuracy": 0.4990059642147117,
        "wilson_95": [
          0.45548424891879646,
          0.5425427475263506
        ]
      },
      "lod": {
        "correct": 141,
        "accuracy": 0.2803180914512923,
        "wilson_95": [
          0.24284487243429276,
          0.32112134194324216
        ]
      },
      "lod_minus_full": -0.21868787276341947
    }
  },
  "prediction_agreement": 0.31809145129224653,
  "full_only_correct": 173,
  "lod_only_correct": 63,
  "both_correct": 78,
  "both_incorrect": 189,
  "truncated": 100,
  "unparsed": {
    "full": 0,
    "lod": 0
  },
  "request_seconds": {
    "full": 51445.75165037811,
    "lod": 22081.80906270398
  }
}
