{
  "buffers_cleared": true,
  "counts_exact": true,
  "incremental_state_geometries": {
    "coherence": {
      "append_top16_set_exact_fraction": 1.0,
      "route_index_exact_fraction": 1.0,
      "route_score_max_abs": 0.0
    },
    "spherical": {
      "append_top16_set_exact_fraction": 1.0,
      "route_index_exact_fraction": 1.0,
      "route_score_max_abs": 0.0
    }
  },
  "irregular_gqa": {
    "5": {
      "concentrated_top3": {
        "lse_max_abs": 4.76837158203125e-07,
        "nonfinite_lse": 0,
        "nonfinite_output": 0,
        "output_max_abs": 0.0009729862213134766,
        "route_set_exact_fraction": 1.0
      },
      "route_logits_coarse_attention": {
        "lower_right_local_lse_max_abs": 0.0,
        "lower_right_local_output_max_abs": 0.0,
        "lse_max_abs": 9.5367431640625e-07,
        "lse_mean_abs": 3.4059798537100505e-08,
        "output_max_abs": 0.0012805759906768799,
        "output_mean_abs": 9.345395665150136e-05,
        "precomputed_lse_changed": 0.0,
        "precomputed_output_changed": 0.0,
        "residual_opening_exact_fraction": 1.0,
        "split_lse_max_abs": 9.5367431640625e-07,
        "split_output_max_abs": 0.001953125,
        "warp2_lse_changed": 0.0,
        "warp2_lse_max_abs": 0.0,
        "warp2_output_changed": 0.0,
        "warp2_output_max_abs": 0.0,
        "zero_route_lse_max_abs": 9.5367431640625e-07,
        "zero_route_output_max_abs": 0.0008184909820556641
      },
      "route_logits_topk_coarse_attention": {
        "top2_cap8": {
          "actual_mean_opened": 2.0,
          "lse_max_abs": 9.5367431640625e-07,
          "lse_mean_abs": 6.130763807732365e-08,
          "max_open_count_difference": 0,
          "mean_opened": 2.0,
          "output_max_abs": 0.0006849318742752075,
          "output_mean_abs": 6.073094118619338e-05,
          "route_set_exact_fraction": 1.0
        },
        "top3_cap8": {
          "actual_mean_opened": 3.0,
          "lse_max_abs": 9.5367431640625e-07,
          "lse_mean_abs": 2.72478377638663e-08,
          "max_open_count_difference": 0,
          "mean_opened": 3.0,
          "output_max_abs": 0.00084666907787323,
          "output_mean_abs": 6.230893632164225e-05,
          "route_set_exact_fraction": 1.0
        },
        "top8": {
          "actual_mean_opened": 8.0,
          "lse_max_abs": 9.5367431640625e-07,
          "lse_mean_abs": 4.087175753397787e-08,
          "max_open_count_difference": 0,
          "mean_opened": 8.0,
          "output_max_abs": 0.0009681880474090576,
          "output_mean_abs": 8.963870641309768e-05,
          "route_set_exact_fraction": 1.0
        },
        "top8_count2": {
          "actual_mean_opened": 8.0,
          "lse_max_abs": 9.5367431640625e-07,
          "lse_mean_abs": 5.108969602929392e-08,
          "max_open_count_difference": 0,
          "mean_opened": 8.0,
          "output_max_abs": 0.001033008098602295,
          "output_mean_abs": 9.163780487142503e-05,
          "route_set_exact_fraction": 1.0
        },
        "top8_residual05_cap8": {
          "actual_mean_opened": 5.778571605682373,
          "lse_max_abs": 9.5367431640625e-07,
          "lse_mean_abs": 5.108969602929392e-08,
          "max_open_count_difference": 0,
          "mean_opened": 5.778571605682373,
          "output_max_abs": 0.0007665306329727173,
          "output_mean_abs": 6.489221414085478e-05,
          "route_set_exact_fraction": 1.0
        }
      }
    },
    "6": {
      "concentrated_top3": {
        "lse_max_abs": 4.76837158203125e-07,
        "nonfinite_lse": 0,
        "nonfinite_output": 0,
        "output_max_abs": 0.0009693801403045654,
        "route_set_exact_fraction": 1.0
      },
      "route_logits_coarse_attention": {
        "lower_right_local_lse_max_abs": 0.0,
        "lower_right_local_output_max_abs": 0.0,
        "lse_max_abs": 9.5367431640625e-07,
        "lse_mean_abs": 5.960464477539063e-08,
        "output_max_abs": 0.0007380098104476929,
        "output_mean_abs": 7.574987830594182e-05,
        "precomputed_lse_changed": 0.0,
        "precomputed_output_changed": 0.0,
        "residual_opening_exact_fraction": 0.9985119104385376,
        "split_lse_max_abs": 9.5367431640625e-07,
        "split_output_max_abs": 0.001953125,
        "warp2_lse_changed": 0.0,
        "warp2_lse_max_abs": 0.0,
        "warp2_output_changed": 0.0,
        "warp2_output_max_abs": 0.0,
        "zero_route_lse_max_abs": 9.5367431640625e-07,
        "zero_route_output_max_abs": 0.0008241534233093262
      },
      "route_logits_topk_coarse_attention": {
        "top2_cap8": {
          "actual_mean_opened": 2.0,
          "lse_max_abs": 4.76837158203125e-07,
          "lse_mean_abs": 3.4059798537100505e-08,
          "max_open_count_difference": 0,
          "mean_opened": 2.0,
          "output_max_abs": 0.0009746849536895752,
          "output_mean_abs": 6.660039070993662e-05,
          "route_set_exact_fraction": 1.0
        },
        "top3_cap8": {
          "actual_mean_opened": 3.0,
          "lse_max_abs": 9.5367431640625e-07,
          "lse_mean_abs": 5.392801227799282e-08,
          "max_open_count_difference": 0,
          "mean_opened": 3.0,
          "output_max_abs": 0.0012309849262237549,
          "output_mean_abs": 6.792167550884187e-05,
          "route_set_exact_fraction": 1.0
        },
        "top8": {
          "actual_mean_opened": 8.0,
          "lse_max_abs": 9.5367431640625e-07,
          "lse_mean_abs": 3.973643103449831e-08,
          "max_open_count_difference": 0,
          "mean_opened": 8.0,
          "output_max_abs": 0.001244872808456421,
          "output_mean_abs": 9.283603867515922e-05,
          "route_set_exact_fraction": 1.0
        },
        "top8_count2": {
          "actual_mean_opened": 8.0,
          "lse_max_abs": 9.5367431640625e-07,
          "lse_mean_abs": 3.689811478579941e-08,
          "max_open_count_difference": 0,
          "mean_opened": 8.0,
          "output_max_abs": 0.0013922452926635742,
          "output_mean_abs": 9.484449401497841e-05,
          "route_set_exact_fraction": 1.0
        },
        "top8_residual05_cap8": {
          "actual_mean_opened": 6.011904716491699,
          "lse_max_abs": 9.5367431640625e-07,
          "lse_mean_abs": 5.960464477539063e-08,
          "max_open_count_difference": 0,
          "mean_opened": 6.011904716491699,
          "output_max_abs": 0.016999216750264168,
          "output_mean_abs": 9.287885768571869e-05,
          "route_set_exact_fraction": 0.9940476417541504
        }
      }
    }
  },
  "key_norm_update_max_abs": 9.5367431640625e-07,
  "owners_exact": true,
  "route_logits_coarse_attention": {
    "lower_right_local_lse_max_abs": 0.0,
    "lower_right_local_output_max_abs": 0.0,
    "lse_max_abs": 9.5367431640625e-07,
    "lse_mean_abs": 2.55448497910038e-08,
    "output_max_abs": 0.00093880295753479,
    "output_mean_abs": 8.199078001780435e-05,
    "precomputed_lse_changed": 0.0,
    "precomputed_output_changed": 0.0,
    "residual_opening_exact_fraction": 1.0,
    "split_lse_max_abs": 9.5367431640625e-07,
    "split_output_max_abs": 0.0029296875,
    "warp2_lse_changed": 0.0,
    "warp2_lse_max_abs": 0.0,
    "warp2_output_changed": 0.0,
    "warp2_output_max_abs": 0.0,
    "zero_route_lse_max_abs": 9.5367431640625e-07,
    "zero_route_output_max_abs": 0.0006015896797180176
  },
  "route_logits_topk_coarse_attention": {
    "top2_cap8": {
      "actual_mean_opened": 2.0,
      "lse_max_abs": 9.5367431640625e-07,
      "lse_mean_abs": 6.811959707420101e-08,
      "max_open_count_difference": 0,
      "mean_opened": 2.0,
      "output_max_abs": 0.001073598861694336,
      "output_mean_abs": 6.879161082906649e-05,
      "route_set_exact_fraction": 1.0
    },
    "top3_cap8": {
      "actual_mean_opened": 3.000000238418579,
      "lse_max_abs": 9.5367431640625e-07,
      "lse_mean_abs": 4.6832223432602405e-08,
      "max_open_count_difference": 0,
      "mean_opened": 3.000000238418579,
      "output_max_abs": 0.0009620189666748047,
      "output_mean_abs": 7.045143865980208e-05,
      "route_set_exact_fraction": 1.0
    },
    "top8": {
      "actual_mean_opened": 8.0,
      "lse_max_abs": 9.5367431640625e-07,
      "lse_mean_abs": 3.83172746865057e-08,
      "max_open_count_difference": 0,
      "mean_opened": 8.0,
      "output_max_abs": 0.0018573403358459473,
      "output_mean_abs": 9.851568756857887e-05,
      "route_set_exact_fraction": 1.0
    },
    "top8_count2": {
      "actual_mean_opened": 8.0,
      "lse_max_abs": 9.5367431640625e-07,
      "lse_mean_abs": 4.257474728319721e-08,
      "max_open_count_difference": 0,
      "mean_opened": 8.0,
      "output_max_abs": 0.0018573403358459473,
      "output_mean_abs": 0.00010139938240172341,
      "route_set_exact_fraction": 1.0
    },
    "top8_residual05_cap8": {
      "actual_mean_opened": 6.044642925262451,
      "lse_max_abs": 9.5367431640625e-07,
      "lse_mean_abs": 5.10896995820076e-08,
      "max_open_count_difference": 0,
      "mean_opened": 6.044642925262451,
      "output_max_abs": 0.01599237695336342,
      "output_mean_abs": 0.00011095978697994724,
      "route_set_exact_fraction": 0.9910714626312256
    }
  },
  "routing": {
    "1_top3": {
      "example_grouped": [
        74,
        277,
        132
      ],
      "example_reference": [
        74,
        277,
        132
      ],
      "route_set_exact_fraction": 1.0,
      "score_lse_max_abs": 9.5367431640625e-07,
      "score_route_order_exact_fraction": 0.875,
      "score_route_set_exact_fraction": 1.0,
      "slot_recall": 1.0
    },
    "1_top8": {
      "example_grouped": [
        5,
        11,
        46,
        74,
        132,
        277,
        316,
        176
      ],
      "example_reference": [
        5,
        11,
        46,
        74,
        132,
        277,
        316,
        176
      ],
      "route_set_exact_fraction": 1.0,
      "score_lse_max_abs": 9.5367431640625e-07,
      "score_route_order_exact_fraction": 0.25,
      "score_route_set_exact_fraction": 1.0,
      "slot_recall": 1.0
    },
    "257_top3": {
      "example_grouped": [
        11,
        46,
        176
      ],
      "example_reference": [
        11,
        46,
        176
      ],
      "route_set_exact_fraction": 0.9990272521972656,
      "score_lse_max_abs": 9.5367431640625e-07,
      "score_route_order_exact_fraction": 0.7237353920936584,
      "score_route_set_exact_fraction": 0.9990272521972656,
      "slot_recall": 0.9996757507324219
    },
    "257_top8": {
      "example_grouped": [
        11,
        46,
        49,
        132,
        176,
        277,
        316,
        5
      ],
      "example_reference": [
        132,
        176,
        11,
        46,
        49,
        277,
        316,
        5
      ],
      "route_set_exact_fraction": 1.0,
      "score_lse_max_abs": 9.5367431640625e-07,
      "score_route_order_exact_fraction": 0.08073929697275162,
      "score_route_set_exact_fraction": 1.0,
      "slot_recall": 1.0
    }
  },
  "state_k_collision_mean_abs": 0.0,
  "state_k_fp32_max_abs": 0.0,
  "state_k_fp32_mean_abs": 0.0,
  "state_k_max_abs": 0.03125,
  "state_k_mean_abs": 0.0001488137640990317,
  "state_k_singleton_mean_abs": 0.0,
  "state_k_worst": {
    "actual": -0.3046875,
    "contributing_tokens": [],
    "contributors": [],
    "expected": -0.3046875,
    "index": [
      0,
      0,
      0,
      0
    ],
    "old": -0.3046875
  },
  "state_v_fp32_max_abs": 0.0,
  "state_v_fp32_mean_abs": 0.0,
  "state_v_max_abs": 0.03125,
  "state_v_mean_abs": 0.00014872093743178993,
  "streaming_state_geometries": {
    "coherence": {
      "append_base_route_index_exact_fraction": 0.9921259880065918,
      "append_base_top2_route_recall": 1.0,
      "append_base_top4_route_recall": 1.0,
      "append_base_top8_route_recall": 1.0,
      "append_top16_set_exact_fraction": 1.0,
      "route_index_exact_fraction": 1.0,
      "route_score_max_abs": 0.0,
      "select_score_max_abs": 0.0
    },
    "spherical": {
      "append_base_route_index_exact_fraction": 1.0,
      "append_base_top2_route_recall": 1.0,
      "append_base_top4_route_recall": 1.0,
      "append_base_top8_route_recall": 1.0,
      "append_top16_set_exact_fraction": 1.0,
      "route_index_exact_fraction": 1.0,
      "route_score_max_abs": 0.0,
      "select_score_max_abs": 0.0
    },
    "spherical_coherence": {
      "append_base_route_index_exact_fraction": 0.989829421043396,
      "append_base_top2_route_recall": 1.0,
      "append_base_top4_route_recall": 1.0,
      "append_base_top8_route_recall": 1.0,
      "append_top16_set_exact_fraction": 1.0,
      "route_index_exact_fraction": 1.0,
      "route_score_max_abs": 0.0,
      "select_score_max_abs": 0.0
    }
  },
  "streaming_state_maxsim": {
    "route_index_exact_fraction": 1.0,
    "route_score_max_abs": 0.0,
    "select_score_max_abs": 0.0
  }
}
